src/components/studio/StrategicPlan.tsx(464,15): error TS2322: Type '{ value: any; onChange: (value: string) => any; placeholder: string; className: string; }' is not assignable to type 'IntrinsicAttributes & CompactInputProps'.
  Property 'className' does not exist on type 'IntrinsicAttributes & CompactInputProps'.
